// Jest Snapshot v1, https://goo.gl/fbAQLP

exports[`<App /> rendering should render correctly 1`] = `
<li
  id="item"
/>
`;
