// Jest Snapshot v1, https://goo.gl/fbAQLP

exports[`<Calculator /> rendering should render correctly 1`] = `ReactWrapper {}`;
