// Jest Snapshot v1, https://goo.gl/fbAQLP

exports[`<Counter /> rendering matches the snapshot 1`] = `
<div>
  <p>
    Current count: 
    0
  </p>
  <button
    id="increment"
    onClick={[Function]}
  >
    +++
  </button>
  <button
    id="decrement"
    onClick={[Function]}
  >
    ---
  </button>
</div>
`;
