// Jest Snapshot v1, https://goo.gl/fbAQLP

exports[`<Key /> rendering should render correctly 1`] = `
<div
  className="key-container undefined"
  onClick={[Function]}
>
  <p
    className="key-value"
  />
</div>
`;
